// Jest Snapshot v1, https://goo.gl/fbAQLP

exports[`inventory Page renders the text 'Inventory' 1`] = `
<div>
  Inventory
</div>
`;
