// Jest Snapshot v1, https://goo.gl/fbAQLP

exports[`nutrition Page renders the text 'Nutrition' 1`] = `
<div>
  Nutrition
</div>
`;
