// Jest Snapshot v1, https://goo.gl/fbAQLP

exports[`calendar Page renders the text 'Calendar' 1`] = `
<div>
  Calendar
</div>
`;
