// Jest Snapshot v1, https://goo.gl/fbAQLP

exports[`ImportPage renders the a button with the text 'Import' 1`] = `
<div>
  <button
    className="button"
    onClick={[Function]}
  >
    Import
  </button>
</div>
`;
