// Jest Snapshot v1, https://goo.gl/fbAQLP

exports[`ReferenceTabs should render with the 'dictionary' tab active when the 'dictionary' page is active 1`] = `
Array [
  <div
    className="pz-navtabs"
  >
    <div
      className="bp3-button-group bp3-minimal"
    >
      <button
        className="bp3-button pz-navtabs-button pz-navtabs-button--active"
        onClick={[Function]}
        onKeyDown={[Function]}
        onKeyUp={[Function]}
        type="button"
      >
        <span
          className="bp3-icon bp3-icon-book"
          icon="book"
        >
          <svg
            data-icon="book"
            height={16}
            viewBox="0 0 16 16"
            width={16}
          >
            <desc>
              book
            </desc>
            <path
              d="M2 1v14c0 .55.45 1 1 1h1V0H3c-.55 0-1 .45-1 1zm11-1h-1v7l-2-2-2 2V0H5v16h8c.55 0 1-.45 1-1V1c0-.55-.45-1-1-1z"
              fillRule="evenodd"
            />
          </svg>
        </span>
        <span
          className="bp3-button-text"
        >
          Dictionary
        </span>
      </button>
      <button
        className="bp3-button pz-navtabs-button"
        onClick={[Function]}
        onKeyDown={[Function]}
        onKeyUp={[Function]}
        type="button"
      >
        <span
          className="bp3-icon bp3-icon-pulse"
          icon="pulse"
        >
          <svg
            data-icon="pulse"
            height={16}
            viewBox="0 0 16 16"
            width={16}
          >
            <desc>
              pulse
            </desc>
            <path
              d="M15 8h-1.46l-1.7-2.55-.02.01A.984.984 0 0 0 11 5c-.43 0-.79.27-.93.65h-.01l-1.69 4.51-1.38-8.32h-.02A.989.989 0 0 0 6 1c-.41 0-.77.25-.92.61L2.34 8H1c-.55 0-1 .45-1 1s.45 1 1 1h2c.41 0 .77-.25.92-.61l1.65-3.86 1.44 8.63h.02c.08.47.47.84.97.84.43 0 .79-.27.93-.65h.01l2.31-6.17.92 1.38.02-.01c.17.26.46.45.81.45h2c.55 0 1-.45 1-1s-.45-1-1-1z"
              fillRule="evenodd"
            />
          </svg>
        </span>
        <span
          className="bp3-button-text"
        >
          Nutrition
        </span>
      </button>
    </div>
  </div>,
  <div
    className="pz-navtabs__border"
  />,
]
`;

exports[`ReferenceTabs should render with the 'nutrition' tab active when the 'nutrition' page is active 1`] = `
Array [
  <div
    className="pz-navtabs"
  >
    <div
      className="bp3-button-group bp3-minimal"
    >
      <button
        className="bp3-button pz-navtabs-button"
        onClick={[Function]}
        onKeyDown={[Function]}
        onKeyUp={[Function]}
        type="button"
      >
        <span
          className="bp3-icon bp3-icon-book"
          icon="book"
        >
          <svg
            data-icon="book"
            height={16}
            viewBox="0 0 16 16"
            width={16}
          >
            <desc>
              book
            </desc>
            <path
              d="M2 1v14c0 .55.45 1 1 1h1V0H3c-.55 0-1 .45-1 1zm11-1h-1v7l-2-2-2 2V0H5v16h8c.55 0 1-.45 1-1V1c0-.55-.45-1-1-1z"
              fillRule="evenodd"
            />
          </svg>
        </span>
        <span
          className="bp3-button-text"
        >
          Dictionary
        </span>
      </button>
      <button
        className="bp3-button pz-navtabs-button pz-navtabs-button--active"
        onClick={[Function]}
        onKeyDown={[Function]}
        onKeyUp={[Function]}
        type="button"
      >
        <span
          className="bp3-icon bp3-icon-pulse"
          icon="pulse"
        >
          <svg
            data-icon="pulse"
            height={16}
            viewBox="0 0 16 16"
            width={16}
          >
            <desc>
              pulse
            </desc>
            <path
              d="M15 8h-1.46l-1.7-2.55-.02.01A.984.984 0 0 0 11 5c-.43 0-.79.27-.93.65h-.01l-1.69 4.51-1.38-8.32h-.02A.989.989 0 0 0 6 1c-.41 0-.77.25-.92.61L2.34 8H1c-.55 0-1 .45-1 1s.45 1 1 1h2c.41 0 .77-.25.92-.61l1.65-3.86 1.44 8.63h.02c.08.47.47.84.97.84.43 0 .79-.27.93-.65h.01l2.31-6.17.92 1.38.02-.01c.17.26.46.45.81.45h2c.55 0 1-.45 1-1s-.45-1-1-1z"
              fillRule="evenodd"
            />
          </svg>
        </span>
        <span
          className="bp3-button-text"
        >
          Nutrition
        </span>
      </button>
    </div>
  </div>,
  <div
    className="pz-navtabs__border"
  />,
]
`;
