// Jest Snapshot v1, https://goo.gl/fbAQLP

exports[`AppNavbar should render with 'calendar' active when the 'calendar' area is active 1`] = `
<div
  className="bp3-navbar pz-navbar"
>
  <div
    className="bp3-navbar-group bp3-align-left"
  >
    <button
      className="bp3-button bp3-minimal pz-navbar-button"
      onClick={[Function]}
      onKeyDown={[Function]}
      onKeyUp={[Function]}
      type="button"
    >
      <span
        className="bp3-icon bp3-icon-home"
        icon="home"
      >
        <svg
          data-icon="home"
          height={16}
          viewBox="0 0 16 16"
          width={16}
        >
          <desc>
            home
          </desc>
          <path
            d="M2 10v5c0 .55.45 1 1 1h3v-5h4v5h3c.55 0 1-.45 1-1v-5L8 4l-6 6zm13.71-2.71L14 5.59V2c0-.55-.45-1-1-1s-1 .45-1 1v1.59L8.71.29C8.53.11 8.28 0 8 0s-.53.11-.71.29l-7 7a1.003 1.003 0 0 0 1.42 1.42L8 2.41l6.29 6.29c.18.19.43.3.71.3a1.003 1.003 0 0 0 .71-1.71z"
            fillRule="evenodd"
          />
        </svg>
      </span>
    </button>
    <button
      className="bp3-button bp3-minimal pz-navbar-button"
      onClick={[Function]}
      onKeyDown={[Function]}
      onKeyUp={[Function]}
      type="button"
    >
      <span
        className="bp3-button-text"
      >
        Recipes
      </span>
    </button>
    <button
      className="bp3-button bp3-minimal pz-navbar-button pz-navbar-button--active"
      onClick={[Function]}
      onKeyDown={[Function]}
      onKeyUp={[Function]}
      type="button"
    >
      <span
        className="bp3-button-text"
      >
        Calendar
      </span>
    </button>
    <button
      className="bp3-button bp3-minimal pz-navbar-button"
      onClick={[Function]}
      onKeyDown={[Function]}
      onKeyUp={[Function]}
      type="button"
    >
      <span
        className="bp3-button-text"
      >
        Shopping
      </span>
    </button>
    <button
      className="bp3-button bp3-minimal pz-navbar-button"
      onClick={[Function]}
      onKeyDown={[Function]}
      onKeyUp={[Function]}
      type="button"
    >
      <span
        className="bp3-button-text"
      >
        Reference
      </span>
    </button>
    <button
      className="bp3-button bp3-minimal pz-navbar-button"
      onClick={[Function]}
      onKeyDown={[Function]}
      onKeyUp={[Function]}
      type="button"
    >
      <span
        className="bp3-button-text"
      >
        Tools
      </span>
    </button>
  </div>
  <div
    className="bp3-navbar-group bp3-align-right"
  >
    <button
      className="bp3-button bp3-minimal pz-navbar-button"
      onClick={[Function]}
      onKeyDown={[Function]}
      onKeyUp={[Function]}
      type="button"
    >
      <span
        className="bp3-icon bp3-icon-cog"
        icon="cog"
      >
        <svg
          data-icon="cog"
          height={16}
          viewBox="0 0 16 16"
          width={16}
        >
          <desc>
            cog
          </desc>
          <path
            d="M15.19 6.39h-1.85c-.11-.37-.27-.71-.45-1.04l1.36-1.36c.31-.31.31-.82 0-1.13l-1.13-1.13a.803.803 0 0 0-1.13 0l-1.36 1.36c-.33-.17-.67-.33-1.04-.44V.79c0-.44-.36-.8-.8-.8h-1.6c-.44 0-.8.36-.8.8v1.86c-.39.12-.75.28-1.1.47l-1.3-1.3c-.3-.3-.79-.3-1.09 0L1.82 2.91c-.3.3-.3.79 0 1.09l1.3 1.3c-.2.34-.36.7-.48 1.09H.79c-.44 0-.8.36-.8.8v1.6c0 .44.36.8.8.8h1.85c.11.37.27.71.45 1.04l-1.36 1.36c-.31.31-.31.82 0 1.13l1.13 1.13c.31.31.82.31 1.13 0l1.36-1.36c.33.18.67.33 1.04.44v1.86c0 .44.36.8.8.8h1.6c.44 0 .8-.36.8-.8v-1.86c.39-.12.75-.28 1.1-.47l1.3 1.3c.3.3.79.3 1.09 0l1.09-1.09c.3-.3.3-.79 0-1.09l-1.3-1.3c.19-.35.36-.71.48-1.1h1.85c.44 0 .8-.36.8-.8v-1.6a.816.816 0 0 0-.81-.79zm-7.2 4.6c-1.66 0-3-1.34-3-3s1.34-3 3-3 3 1.34 3 3-1.34 3-3 3z"
            fillRule="evenodd"
          />
        </svg>
      </span>
    </button>
  </div>
</div>
`;

exports[`AppNavbar should render with 'home' active when the 'home' area is active 1`] = `
<div
  className="bp3-navbar pz-navbar"
>
  <div
    className="bp3-navbar-group bp3-align-left"
  >
    <button
      className="bp3-button bp3-minimal pz-navbar-button pz-navbar-button--active"
      onClick={[Function]}
      onKeyDown={[Function]}
      onKeyUp={[Function]}
      type="button"
    >
      <span
        className="bp3-icon bp3-icon-home"
        icon="home"
      >
        <svg
          data-icon="home"
          height={16}
          viewBox="0 0 16 16"
          width={16}
        >
          <desc>
            home
          </desc>
          <path
            d="M2 10v5c0 .55.45 1 1 1h3v-5h4v5h3c.55 0 1-.45 1-1v-5L8 4l-6 6zm13.71-2.71L14 5.59V2c0-.55-.45-1-1-1s-1 .45-1 1v1.59L8.71.29C8.53.11 8.28 0 8 0s-.53.11-.71.29l-7 7a1.003 1.003 0 0 0 1.42 1.42L8 2.41l6.29 6.29c.18.19.43.3.71.3a1.003 1.003 0 0 0 .71-1.71z"
            fillRule="evenodd"
          />
        </svg>
      </span>
    </button>
    <button
      className="bp3-button bp3-minimal pz-navbar-button"
      onClick={[Function]}
      onKeyDown={[Function]}
      onKeyUp={[Function]}
      type="button"
    >
      <span
        className="bp3-button-text"
      >
        Recipes
      </span>
    </button>
    <button
      className="bp3-button bp3-minimal pz-navbar-button"
      onClick={[Function]}
      onKeyDown={[Function]}
      onKeyUp={[Function]}
      type="button"
    >
      <span
        className="bp3-button-text"
      >
        Calendar
      </span>
    </button>
    <button
      className="bp3-button bp3-minimal pz-navbar-button"
      onClick={[Function]}
      onKeyDown={[Function]}
      onKeyUp={[Function]}
      type="button"
    >
      <span
        className="bp3-button-text"
      >
        Shopping
      </span>
    </button>
    <button
      className="bp3-button bp3-minimal pz-navbar-button"
      onClick={[Function]}
      onKeyDown={[Function]}
      onKeyUp={[Function]}
      type="button"
    >
      <span
        className="bp3-button-text"
      >
        Reference
      </span>
    </button>
    <button
      className="bp3-button bp3-minimal pz-navbar-button"
      onClick={[Function]}
      onKeyDown={[Function]}
      onKeyUp={[Function]}
      type="button"
    >
      <span
        className="bp3-button-text"
      >
        Tools
      </span>
    </button>
  </div>
  <div
    className="bp3-navbar-group bp3-align-right"
  >
    <button
      className="bp3-button bp3-minimal pz-navbar-button"
      onClick={[Function]}
      onKeyDown={[Function]}
      onKeyUp={[Function]}
      type="button"
    >
      <span
        className="bp3-icon bp3-icon-cog"
        icon="cog"
      >
        <svg
          data-icon="cog"
          height={16}
          viewBox="0 0 16 16"
          width={16}
        >
          <desc>
            cog
          </desc>
          <path
            d="M15.19 6.39h-1.85c-.11-.37-.27-.71-.45-1.04l1.36-1.36c.31-.31.31-.82 0-1.13l-1.13-1.13a.803.803 0 0 0-1.13 0l-1.36 1.36c-.33-.17-.67-.33-1.04-.44V.79c0-.44-.36-.8-.8-.8h-1.6c-.44 0-.8.36-.8.8v1.86c-.39.12-.75.28-1.1.47l-1.3-1.3c-.3-.3-.79-.3-1.09 0L1.82 2.91c-.3.3-.3.79 0 1.09l1.3 1.3c-.2.34-.36.7-.48 1.09H.79c-.44 0-.8.36-.8.8v1.6c0 .44.36.8.8.8h1.85c.11.37.27.71.45 1.04l-1.36 1.36c-.31.31-.31.82 0 1.13l1.13 1.13c.31.31.82.31 1.13 0l1.36-1.36c.33.18.67.33 1.04.44v1.86c0 .44.36.8.8.8h1.6c.44 0 .8-.36.8-.8v-1.86c.39-.12.75-.28 1.1-.47l1.3 1.3c.3.3.79.3 1.09 0l1.09-1.09c.3-.3.3-.79 0-1.09l-1.3-1.3c.19-.35.36-.71.48-1.1h1.85c.44 0 .8-.36.8-.8v-1.6a.816.816 0 0 0-.81-.79zm-7.2 4.6c-1.66 0-3-1.34-3-3s1.34-3 3-3 3 1.34 3 3-1.34 3-3 3z"
            fillRule="evenodd"
          />
        </svg>
      </span>
    </button>
  </div>
</div>
`;

exports[`AppNavbar should render with 'recipes' active when the 'recipes' area is active 1`] = `
<div
  className="bp3-navbar pz-navbar"
>
  <div
    className="bp3-navbar-group bp3-align-left"
  >
    <button
      className="bp3-button bp3-minimal pz-navbar-button"
      onClick={[Function]}
      onKeyDown={[Function]}
      onKeyUp={[Function]}
      type="button"
    >
      <span
        className="bp3-icon bp3-icon-home"
        icon="home"
      >
        <svg
          data-icon="home"
          height={16}
          viewBox="0 0 16 16"
          width={16}
        >
          <desc>
            home
          </desc>
          <path
            d="M2 10v5c0 .55.45 1 1 1h3v-5h4v5h3c.55 0 1-.45 1-1v-5L8 4l-6 6zm13.71-2.71L14 5.59V2c0-.55-.45-1-1-1s-1 .45-1 1v1.59L8.71.29C8.53.11 8.28 0 8 0s-.53.11-.71.29l-7 7a1.003 1.003 0 0 0 1.42 1.42L8 2.41l6.29 6.29c.18.19.43.3.71.3a1.003 1.003 0 0 0 .71-1.71z"
            fillRule="evenodd"
          />
        </svg>
      </span>
    </button>
    <button
      className="bp3-button bp3-minimal pz-navbar-button pz-navbar-button--active"
      onClick={[Function]}
      onKeyDown={[Function]}
      onKeyUp={[Function]}
      type="button"
    >
      <span
        className="bp3-button-text"
      >
        Recipes
      </span>
    </button>
    <button
      className="bp3-button bp3-minimal pz-navbar-button"
      onClick={[Function]}
      onKeyDown={[Function]}
      onKeyUp={[Function]}
      type="button"
    >
      <span
        className="bp3-button-text"
      >
        Calendar
      </span>
    </button>
    <button
      className="bp3-button bp3-minimal pz-navbar-button"
      onClick={[Function]}
      onKeyDown={[Function]}
      onKeyUp={[Function]}
      type="button"
    >
      <span
        className="bp3-button-text"
      >
        Shopping
      </span>
    </button>
    <button
      className="bp3-button bp3-minimal pz-navbar-button"
      onClick={[Function]}
      onKeyDown={[Function]}
      onKeyUp={[Function]}
      type="button"
    >
      <span
        className="bp3-button-text"
      >
        Reference
      </span>
    </button>
    <button
      className="bp3-button bp3-minimal pz-navbar-button"
      onClick={[Function]}
      onKeyDown={[Function]}
      onKeyUp={[Function]}
      type="button"
    >
      <span
        className="bp3-button-text"
      >
        Tools
      </span>
    </button>
  </div>
  <div
    className="bp3-navbar-group bp3-align-right"
  >
    <button
      className="bp3-button bp3-minimal pz-navbar-button"
      onClick={[Function]}
      onKeyDown={[Function]}
      onKeyUp={[Function]}
      type="button"
    >
      <span
        className="bp3-icon bp3-icon-cog"
        icon="cog"
      >
        <svg
          data-icon="cog"
          height={16}
          viewBox="0 0 16 16"
          width={16}
        >
          <desc>
            cog
          </desc>
          <path
            d="M15.19 6.39h-1.85c-.11-.37-.27-.71-.45-1.04l1.36-1.36c.31-.31.31-.82 0-1.13l-1.13-1.13a.803.803 0 0 0-1.13 0l-1.36 1.36c-.33-.17-.67-.33-1.04-.44V.79c0-.44-.36-.8-.8-.8h-1.6c-.44 0-.8.36-.8.8v1.86c-.39.12-.75.28-1.1.47l-1.3-1.3c-.3-.3-.79-.3-1.09 0L1.82 2.91c-.3.3-.3.79 0 1.09l1.3 1.3c-.2.34-.36.7-.48 1.09H.79c-.44 0-.8.36-.8.8v1.6c0 .44.36.8.8.8h1.85c.11.37.27.71.45 1.04l-1.36 1.36c-.31.31-.31.82 0 1.13l1.13 1.13c.31.31.82.31 1.13 0l1.36-1.36c.33.18.67.33 1.04.44v1.86c0 .44.36.8.8.8h1.6c.44 0 .8-.36.8-.8v-1.86c.39-.12.75-.28 1.1-.47l1.3 1.3c.3.3.79.3 1.09 0l1.09-1.09c.3-.3.3-.79 0-1.09l-1.3-1.3c.19-.35.36-.71.48-1.1h1.85c.44 0 .8-.36.8-.8v-1.6a.816.816 0 0 0-.81-.79zm-7.2 4.6c-1.66 0-3-1.34-3-3s1.34-3 3-3 3 1.34 3 3-1.34 3-3 3z"
            fillRule="evenodd"
          />
        </svg>
      </span>
    </button>
  </div>
</div>
`;

exports[`AppNavbar should render with 'reference' active when the 'reference' area is active 1`] = `
<div
  className="bp3-navbar pz-navbar"
>
  <div
    className="bp3-navbar-group bp3-align-left"
  >
    <button
      className="bp3-button bp3-minimal pz-navbar-button"
      onClick={[Function]}
      onKeyDown={[Function]}
      onKeyUp={[Function]}
      type="button"
    >
      <span
        className="bp3-icon bp3-icon-home"
        icon="home"
      >
        <svg
          data-icon="home"
          height={16}
          viewBox="0 0 16 16"
          width={16}
        >
          <desc>
            home
          </desc>
          <path
            d="M2 10v5c0 .55.45 1 1 1h3v-5h4v5h3c.55 0 1-.45 1-1v-5L8 4l-6 6zm13.71-2.71L14 5.59V2c0-.55-.45-1-1-1s-1 .45-1 1v1.59L8.71.29C8.53.11 8.28 0 8 0s-.53.11-.71.29l-7 7a1.003 1.003 0 0 0 1.42 1.42L8 2.41l6.29 6.29c.18.19.43.3.71.3a1.003 1.003 0 0 0 .71-1.71z"
            fillRule="evenodd"
          />
        </svg>
      </span>
    </button>
    <button
      className="bp3-button bp3-minimal pz-navbar-button"
      onClick={[Function]}
      onKeyDown={[Function]}
      onKeyUp={[Function]}
      type="button"
    >
      <span
        className="bp3-button-text"
      >
        Recipes
      </span>
    </button>
    <button
      className="bp3-button bp3-minimal pz-navbar-button"
      onClick={[Function]}
      onKeyDown={[Function]}
      onKeyUp={[Function]}
      type="button"
    >
      <span
        className="bp3-button-text"
      >
        Calendar
      </span>
    </button>
    <button
      className="bp3-button bp3-minimal pz-navbar-button"
      onClick={[Function]}
      onKeyDown={[Function]}
      onKeyUp={[Function]}
      type="button"
    >
      <span
        className="bp3-button-text"
      >
        Shopping
      </span>
    </button>
    <button
      className="bp3-button bp3-minimal pz-navbar-button pz-navbar-button--active"
      onClick={[Function]}
      onKeyDown={[Function]}
      onKeyUp={[Function]}
      type="button"
    >
      <span
        className="bp3-button-text"
      >
        Reference
      </span>
    </button>
    <button
      className="bp3-button bp3-minimal pz-navbar-button"
      onClick={[Function]}
      onKeyDown={[Function]}
      onKeyUp={[Function]}
      type="button"
    >
      <span
        className="bp3-button-text"
      >
        Tools
      </span>
    </button>
  </div>
  <div
    className="bp3-navbar-group bp3-align-right"
  >
    <button
      className="bp3-button bp3-minimal pz-navbar-button"
      onClick={[Function]}
      onKeyDown={[Function]}
      onKeyUp={[Function]}
      type="button"
    >
      <span
        className="bp3-icon bp3-icon-cog"
        icon="cog"
      >
        <svg
          data-icon="cog"
          height={16}
          viewBox="0 0 16 16"
          width={16}
        >
          <desc>
            cog
          </desc>
          <path
            d="M15.19 6.39h-1.85c-.11-.37-.27-.71-.45-1.04l1.36-1.36c.31-.31.31-.82 0-1.13l-1.13-1.13a.803.803 0 0 0-1.13 0l-1.36 1.36c-.33-.17-.67-.33-1.04-.44V.79c0-.44-.36-.8-.8-.8h-1.6c-.44 0-.8.36-.8.8v1.86c-.39.12-.75.28-1.1.47l-1.3-1.3c-.3-.3-.79-.3-1.09 0L1.82 2.91c-.3.3-.3.79 0 1.09l1.3 1.3c-.2.34-.36.7-.48 1.09H.79c-.44 0-.8.36-.8.8v1.6c0 .44.36.8.8.8h1.85c.11.37.27.71.45 1.04l-1.36 1.36c-.31.31-.31.82 0 1.13l1.13 1.13c.31.31.82.31 1.13 0l1.36-1.36c.33.18.67.33 1.04.44v1.86c0 .44.36.8.8.8h1.6c.44 0 .8-.36.8-.8v-1.86c.39-.12.75-.28 1.1-.47l1.3 1.3c.3.3.79.3 1.09 0l1.09-1.09c.3-.3.3-.79 0-1.09l-1.3-1.3c.19-.35.36-.71.48-1.1h1.85c.44 0 .8-.36.8-.8v-1.6a.816.816 0 0 0-.81-.79zm-7.2 4.6c-1.66 0-3-1.34-3-3s1.34-3 3-3 3 1.34 3 3-1.34 3-3 3z"
            fillRule="evenodd"
          />
        </svg>
      </span>
    </button>
  </div>
</div>
`;

exports[`AppNavbar should render with 'settings' active when the 'settings' area is active 1`] = `
<div
  className="bp3-navbar pz-navbar"
>
  <div
    className="bp3-navbar-group bp3-align-left"
  >
    <button
      className="bp3-button bp3-minimal pz-navbar-button"
      onClick={[Function]}
      onKeyDown={[Function]}
      onKeyUp={[Function]}
      type="button"
    >
      <span
        className="bp3-icon bp3-icon-home"
        icon="home"
      >
        <svg
          data-icon="home"
          height={16}
          viewBox="0 0 16 16"
          width={16}
        >
          <desc>
            home
          </desc>
          <path
            d="M2 10v5c0 .55.45 1 1 1h3v-5h4v5h3c.55 0 1-.45 1-1v-5L8 4l-6 6zm13.71-2.71L14 5.59V2c0-.55-.45-1-1-1s-1 .45-1 1v1.59L8.71.29C8.53.11 8.28 0 8 0s-.53.11-.71.29l-7 7a1.003 1.003 0 0 0 1.42 1.42L8 2.41l6.29 6.29c.18.19.43.3.71.3a1.003 1.003 0 0 0 .71-1.71z"
            fillRule="evenodd"
          />
        </svg>
      </span>
    </button>
    <button
      className="bp3-button bp3-minimal pz-navbar-button"
      onClick={[Function]}
      onKeyDown={[Function]}
      onKeyUp={[Function]}
      type="button"
    >
      <span
        className="bp3-button-text"
      >
        Recipes
      </span>
    </button>
    <button
      className="bp3-button bp3-minimal pz-navbar-button"
      onClick={[Function]}
      onKeyDown={[Function]}
      onKeyUp={[Function]}
      type="button"
    >
      <span
        className="bp3-button-text"
      >
        Calendar
      </span>
    </button>
    <button
      className="bp3-button bp3-minimal pz-navbar-button"
      onClick={[Function]}
      onKeyDown={[Function]}
      onKeyUp={[Function]}
      type="button"
    >
      <span
        className="bp3-button-text"
      >
        Shopping
      </span>
    </button>
    <button
      className="bp3-button bp3-minimal pz-navbar-button"
      onClick={[Function]}
      onKeyDown={[Function]}
      onKeyUp={[Function]}
      type="button"
    >
      <span
        className="bp3-button-text"
      >
        Reference
      </span>
    </button>
    <button
      className="bp3-button bp3-minimal pz-navbar-button"
      onClick={[Function]}
      onKeyDown={[Function]}
      onKeyUp={[Function]}
      type="button"
    >
      <span
        className="bp3-button-text"
      >
        Tools
      </span>
    </button>
  </div>
  <div
    className="bp3-navbar-group bp3-align-right"
  >
    <button
      className="bp3-button bp3-minimal pz-navbar-button pz-navbar-button--active"
      onClick={[Function]}
      onKeyDown={[Function]}
      onKeyUp={[Function]}
      type="button"
    >
      <span
        className="bp3-icon bp3-icon-cog"
        icon="cog"
      >
        <svg
          data-icon="cog"
          height={16}
          viewBox="0 0 16 16"
          width={16}
        >
          <desc>
            cog
          </desc>
          <path
            d="M15.19 6.39h-1.85c-.11-.37-.27-.71-.45-1.04l1.36-1.36c.31-.31.31-.82 0-1.13l-1.13-1.13a.803.803 0 0 0-1.13 0l-1.36 1.36c-.33-.17-.67-.33-1.04-.44V.79c0-.44-.36-.8-.8-.8h-1.6c-.44 0-.8.36-.8.8v1.86c-.39.12-.75.28-1.1.47l-1.3-1.3c-.3-.3-.79-.3-1.09 0L1.82 2.91c-.3.3-.3.79 0 1.09l1.3 1.3c-.2.34-.36.7-.48 1.09H.79c-.44 0-.8.36-.8.8v1.6c0 .44.36.8.8.8h1.85c.11.37.27.71.45 1.04l-1.36 1.36c-.31.31-.31.82 0 1.13l1.13 1.13c.31.31.82.31 1.13 0l1.36-1.36c.33.18.67.33 1.04.44v1.86c0 .44.36.8.8.8h1.6c.44 0 .8-.36.8-.8v-1.86c.39-.12.75-.28 1.1-.47l1.3 1.3c.3.3.79.3 1.09 0l1.09-1.09c.3-.3.3-.79 0-1.09l-1.3-1.3c.19-.35.36-.71.48-1.1h1.85c.44 0 .8-.36.8-.8v-1.6a.816.816 0 0 0-.81-.79zm-7.2 4.6c-1.66 0-3-1.34-3-3s1.34-3 3-3 3 1.34 3 3-1.34 3-3 3z"
            fillRule="evenodd"
          />
        </svg>
      </span>
    </button>
  </div>
</div>
`;

exports[`AppNavbar should render with 'shopping' active when the 'shopping' area is active 1`] = `
<div
  className="bp3-navbar pz-navbar"
>
  <div
    className="bp3-navbar-group bp3-align-left"
  >
    <button
      className="bp3-button bp3-minimal pz-navbar-button"
      onClick={[Function]}
      onKeyDown={[Function]}
      onKeyUp={[Function]}
      type="button"
    >
      <span
        className="bp3-icon bp3-icon-home"
        icon="home"
      >
        <svg
          data-icon="home"
          height={16}
          viewBox="0 0 16 16"
          width={16}
        >
          <desc>
            home
          </desc>
          <path
            d="M2 10v5c0 .55.45 1 1 1h3v-5h4v5h3c.55 0 1-.45 1-1v-5L8 4l-6 6zm13.71-2.71L14 5.59V2c0-.55-.45-1-1-1s-1 .45-1 1v1.59L8.71.29C8.53.11 8.28 0 8 0s-.53.11-.71.29l-7 7a1.003 1.003 0 0 0 1.42 1.42L8 2.41l6.29 6.29c.18.19.43.3.71.3a1.003 1.003 0 0 0 .71-1.71z"
            fillRule="evenodd"
          />
        </svg>
      </span>
    </button>
    <button
      className="bp3-button bp3-minimal pz-navbar-button"
      onClick={[Function]}
      onKeyDown={[Function]}
      onKeyUp={[Function]}
      type="button"
    >
      <span
        className="bp3-button-text"
      >
        Recipes
      </span>
    </button>
    <button
      className="bp3-button bp3-minimal pz-navbar-button"
      onClick={[Function]}
      onKeyDown={[Function]}
      onKeyUp={[Function]}
      type="button"
    >
      <span
        className="bp3-button-text"
      >
        Calendar
      </span>
    </button>
    <button
      className="bp3-button bp3-minimal pz-navbar-button pz-navbar-button--active"
      onClick={[Function]}
      onKeyDown={[Function]}
      onKeyUp={[Function]}
      type="button"
    >
      <span
        className="bp3-button-text"
      >
        Shopping
      </span>
    </button>
    <button
      className="bp3-button bp3-minimal pz-navbar-button"
      onClick={[Function]}
      onKeyDown={[Function]}
      onKeyUp={[Function]}
      type="button"
    >
      <span
        className="bp3-button-text"
      >
        Reference
      </span>
    </button>
    <button
      className="bp3-button bp3-minimal pz-navbar-button"
      onClick={[Function]}
      onKeyDown={[Function]}
      onKeyUp={[Function]}
      type="button"
    >
      <span
        className="bp3-button-text"
      >
        Tools
      </span>
    </button>
  </div>
  <div
    className="bp3-navbar-group bp3-align-right"
  >
    <button
      className="bp3-button bp3-minimal pz-navbar-button"
      onClick={[Function]}
      onKeyDown={[Function]}
      onKeyUp={[Function]}
      type="button"
    >
      <span
        className="bp3-icon bp3-icon-cog"
        icon="cog"
      >
        <svg
          data-icon="cog"
          height={16}
          viewBox="0 0 16 16"
          width={16}
        >
          <desc>
            cog
          </desc>
          <path
            d="M15.19 6.39h-1.85c-.11-.37-.27-.71-.45-1.04l1.36-1.36c.31-.31.31-.82 0-1.13l-1.13-1.13a.803.803 0 0 0-1.13 0l-1.36 1.36c-.33-.17-.67-.33-1.04-.44V.79c0-.44-.36-.8-.8-.8h-1.6c-.44 0-.8.36-.8.8v1.86c-.39.12-.75.28-1.1.47l-1.3-1.3c-.3-.3-.79-.3-1.09 0L1.82 2.91c-.3.3-.3.79 0 1.09l1.3 1.3c-.2.34-.36.7-.48 1.09H.79c-.44 0-.8.36-.8.8v1.6c0 .44.36.8.8.8h1.85c.11.37.27.71.45 1.04l-1.36 1.36c-.31.31-.31.82 0 1.13l1.13 1.13c.31.31.82.31 1.13 0l1.36-1.36c.33.18.67.33 1.04.44v1.86c0 .44.36.8.8.8h1.6c.44 0 .8-.36.8-.8v-1.86c.39-.12.75-.28 1.1-.47l1.3 1.3c.3.3.79.3 1.09 0l1.09-1.09c.3-.3.3-.79 0-1.09l-1.3-1.3c.19-.35.36-.71.48-1.1h1.85c.44 0 .8-.36.8-.8v-1.6a.816.816 0 0 0-.81-.79zm-7.2 4.6c-1.66 0-3-1.34-3-3s1.34-3 3-3 3 1.34 3 3-1.34 3-3 3z"
            fillRule="evenodd"
          />
        </svg>
      </span>
    </button>
  </div>
</div>
`;

exports[`AppNavbar should render with 'tools' active when the 'tools' area is active 1`] = `
<div
  className="bp3-navbar pz-navbar"
>
  <div
    className="bp3-navbar-group bp3-align-left"
  >
    <button
      className="bp3-button bp3-minimal pz-navbar-button"
      onClick={[Function]}
      onKeyDown={[Function]}
      onKeyUp={[Function]}
      type="button"
    >
      <span
        className="bp3-icon bp3-icon-home"
        icon="home"
      >
        <svg
          data-icon="home"
          height={16}
          viewBox="0 0 16 16"
          width={16}
        >
          <desc>
            home
          </desc>
          <path
            d="M2 10v5c0 .55.45 1 1 1h3v-5h4v5h3c.55 0 1-.45 1-1v-5L8 4l-6 6zm13.71-2.71L14 5.59V2c0-.55-.45-1-1-1s-1 .45-1 1v1.59L8.71.29C8.53.11 8.28 0 8 0s-.53.11-.71.29l-7 7a1.003 1.003 0 0 0 1.42 1.42L8 2.41l6.29 6.29c.18.19.43.3.71.3a1.003 1.003 0 0 0 .71-1.71z"
            fillRule="evenodd"
          />
        </svg>
      </span>
    </button>
    <button
      className="bp3-button bp3-minimal pz-navbar-button"
      onClick={[Function]}
      onKeyDown={[Function]}
      onKeyUp={[Function]}
      type="button"
    >
      <span
        className="bp3-button-text"
      >
        Recipes
      </span>
    </button>
    <button
      className="bp3-button bp3-minimal pz-navbar-button"
      onClick={[Function]}
      onKeyDown={[Function]}
      onKeyUp={[Function]}
      type="button"
    >
      <span
        className="bp3-button-text"
      >
        Calendar
      </span>
    </button>
    <button
      className="bp3-button bp3-minimal pz-navbar-button"
      onClick={[Function]}
      onKeyDown={[Function]}
      onKeyUp={[Function]}
      type="button"
    >
      <span
        className="bp3-button-text"
      >
        Shopping
      </span>
    </button>
    <button
      className="bp3-button bp3-minimal pz-navbar-button"
      onClick={[Function]}
      onKeyDown={[Function]}
      onKeyUp={[Function]}
      type="button"
    >
      <span
        className="bp3-button-text"
      >
        Reference
      </span>
    </button>
    <button
      className="bp3-button bp3-minimal pz-navbar-button pz-navbar-button--active"
      onClick={[Function]}
      onKeyDown={[Function]}
      onKeyUp={[Function]}
      type="button"
    >
      <span
        className="bp3-button-text"
      >
        Tools
      </span>
    </button>
  </div>
  <div
    className="bp3-navbar-group bp3-align-right"
  >
    <button
      className="bp3-button bp3-minimal pz-navbar-button"
      onClick={[Function]}
      onKeyDown={[Function]}
      onKeyUp={[Function]}
      type="button"
    >
      <span
        className="bp3-icon bp3-icon-cog"
        icon="cog"
      >
        <svg
          data-icon="cog"
          height={16}
          viewBox="0 0 16 16"
          width={16}
        >
          <desc>
            cog
          </desc>
          <path
            d="M15.19 6.39h-1.85c-.11-.37-.27-.71-.45-1.04l1.36-1.36c.31-.31.31-.82 0-1.13l-1.13-1.13a.803.803 0 0 0-1.13 0l-1.36 1.36c-.33-.17-.67-.33-1.04-.44V.79c0-.44-.36-.8-.8-.8h-1.6c-.44 0-.8.36-.8.8v1.86c-.39.12-.75.28-1.1.47l-1.3-1.3c-.3-.3-.79-.3-1.09 0L1.82 2.91c-.3.3-.3.79 0 1.09l1.3 1.3c-.2.34-.36.7-.48 1.09H.79c-.44 0-.8.36-.8.8v1.6c0 .44.36.8.8.8h1.85c.11.37.27.71.45 1.04l-1.36 1.36c-.31.31-.31.82 0 1.13l1.13 1.13c.31.31.82.31 1.13 0l1.36-1.36c.33.18.67.33 1.04.44v1.86c0 .44.36.8.8.8h1.6c.44 0 .8-.36.8-.8v-1.86c.39-.12.75-.28 1.1-.47l1.3 1.3c.3.3.79.3 1.09 0l1.09-1.09c.3-.3.3-.79 0-1.09l-1.3-1.3c.19-.35.36-.71.48-1.1h1.85c.44 0 .8-.36.8-.8v-1.6a.816.816 0 0 0-.81-.79zm-7.2 4.6c-1.66 0-3-1.34-3-3s1.34-3 3-3 3 1.34 3 3-1.34 3-3 3z"
            fillRule="evenodd"
          />
        </svg>
      </span>
    </button>
  </div>
</div>
`;
