// Jest Snapshot v1, https://goo.gl/fbAQLP

exports[`Layout loading overlay should be there when commandProvider is executing 1`] = `
Array [
  <div
    style={
      Object {
        "display": "grid",
        "gridTemplateRows": "auto 1fr",
        "height": "100vh",
        "width": "100vw",
      }
    }
  >
    <div
      style={
        Object {
          "gridRow": 1,
        }
      }
    >
      <nav
        className="navbar is-primary"
      >
        <div
          className="navbar-brand"
        >
          <a
            className="navbar-item is-active"
            href="#"
            onClick={[Function]}
          >
            <svg
              aria-hidden="true"
              className="svg-inline--fa fa-home fa-w-18 fa-fw "
              data-icon="home"
              data-prefix="fas"
              role="img"
              style={Object {}}
              viewBox="0 0 576 512"
              xmlns="http://www.w3.org/2000/svg"
            >
              <path
                d="M488 312.7V456c0 13.3-10.7 24-24 24H348c-6.6 0-12-5.4-12-12V356c0-6.6-5.4-12-12-12h-72c-6.6 0-12 5.4-12 12v112c0 6.6-5.4 12-12 12H112c-13.3 0-24-10.7-24-24V312.7c0-3.6 1.6-7 4.4-9.3l188-154.8c4.4-3.6 10.8-3.6 15.3 0l188 154.8c2.7 2.3 4.3 5.7 4.3 9.3zm83.6-60.9L488 182.9V44.4c0-6.6-5.4-12-12-12h-56c-6.6 0-12 5.4-12 12V117l-89.5-73.7c-17.7-14.6-43.3-14.6-61 0L4.4 251.8c-5.1 4.2-5.8 11.8-1.6 16.9l25.5 31c4.2 5.1 11.8 5.8 16.9 1.6l235.2-193.7c4.4-3.6 10.8-3.6 15.3 0l235.2 193.7c5.1 4.2 12.7 3.5 16.9-1.6l25.5-31c4.2-5.2 3.4-12.7-1.7-16.9z"
                fill="currentColor"
                style={Object {}}
              />
            </svg>
          </a>
          <a
            className="navbar-item"
            href="#"
            onClick={[Function]}
          >
            Recipes
          </a>
          <a
            className="navbar-item"
            href="#"
            onClick={[Function]}
          >
            Calendar
          </a>
          <a
            className="navbar-item"
            href="#"
            onClick={[Function]}
          >
            Shopping
          </a>
          <a
            className="navbar-item"
            href="#"
            onClick={[Function]}
          >
            Reference
          </a>
          <a
            className="navbar-item"
            href="#"
            onClick={[Function]}
          >
            Tools
          </a>
        </div>
        <div
          className="navbar-menu"
        >
          <div
            className="navbar-end"
          >
            <a
              className="navbar-item"
              href="#"
              onClick={[Function]}
            >
              <svg
                aria-hidden="true"
                className="svg-inline--fa fa-cog fa-w-16 fa-fw "
                data-icon="cog"
                data-prefix="fas"
                role="img"
                style={Object {}}
                viewBox="0 0 512 512"
                xmlns="http://www.w3.org/2000/svg"
              >
                <path
                  d="M444.788 291.1l42.616 24.599c4.867 2.809 7.126 8.618 5.459 13.985-11.07 35.642-29.97 67.842-54.689 94.586a12.016 12.016 0 0 1-14.832 2.254l-42.584-24.595a191.577 191.577 0 0 1-60.759 35.13v49.182a12.01 12.01 0 0 1-9.377 11.718c-34.956 7.85-72.499 8.256-109.219.007-5.49-1.233-9.403-6.096-9.403-11.723v-49.184a191.555 191.555 0 0 1-60.759-35.13l-42.584 24.595a12.016 12.016 0 0 1-14.832-2.254c-24.718-26.744-43.619-58.944-54.689-94.586-1.667-5.366.592-11.175 5.459-13.985L67.212 291.1a193.48 193.48 0 0 1 0-70.199l-42.616-24.599c-4.867-2.809-7.126-8.618-5.459-13.985 11.07-35.642 29.97-67.842 54.689-94.586a12.016 12.016 0 0 1 14.832-2.254l42.584 24.595a191.577 191.577 0 0 1 60.759-35.13V25.759a12.01 12.01 0 0 1 9.377-11.718c34.956-7.85 72.499-8.256 109.219-.007 5.49 1.233 9.403 6.096 9.403 11.723v49.184a191.555 191.555 0 0 1 60.759 35.13l42.584-24.595a12.016 12.016 0 0 1 14.832 2.254c24.718 26.744 43.619 58.944 54.689 94.586 1.667 5.366-.592 11.175-5.459 13.985L444.788 220.9a193.485 193.485 0 0 1 0 70.2zM336 256c0-44.112-35.888-80-80-80s-80 35.888-80 80 35.888 80 80 80 80-35.888 80-80z"
                  fill="currentColor"
                  style={Object {}}
                />
              </svg>
            </a>
          </div>
        </div>
      </nav>
    </div>
    <div
      style={
        Object {
          "gridRow": 2,
          "overflow": "hidden",
        }
      }
    >
      <div
        style={
          Object {
            "display": "grid",
            "gridTemplateRows": "auto 1fr",
            "height": "100%",
          }
        }
      >
        <div
          style={
            Object {
              "gridRow": 1,
            }
          }
        >
          <div
            className="tabs is-centered"
            style={
              Object {
                "marginBottom": "0px",
              }
            }
          >
            <ul>
              <li
                className="is-active"
              >
                <a
                  href="#"
                  onClick={[Function]}
                >
                  <span
                    className="icon is-small"
                  >
                    <svg
                      aria-hidden="true"
                      className="svg-inline--fa fa-home fa-w-18 "
                      data-icon="home"
                      data-prefix="fas"
                      role="img"
                      style={Object {}}
                      viewBox="0 0 576 512"
                      xmlns="http://www.w3.org/2000/svg"
                    >
                      <path
                        d="M488 312.7V456c0 13.3-10.7 24-24 24H348c-6.6 0-12-5.4-12-12V356c0-6.6-5.4-12-12-12h-72c-6.6 0-12 5.4-12 12v112c0 6.6-5.4 12-12 12H112c-13.3 0-24-10.7-24-24V312.7c0-3.6 1.6-7 4.4-9.3l188-154.8c4.4-3.6 10.8-3.6 15.3 0l188 154.8c2.7 2.3 4.3 5.7 4.3 9.3zm83.6-60.9L488 182.9V44.4c0-6.6-5.4-12-12-12h-56c-6.6 0-12 5.4-12 12V117l-89.5-73.7c-17.7-14.6-43.3-14.6-61 0L4.4 251.8c-5.1 4.2-5.8 11.8-1.6 16.9l25.5 31c4.2 5.1 11.8 5.8 16.9 1.6l235.2-193.7c4.4-3.6 10.8-3.6 15.3 0l235.2 193.7c5.1 4.2 12.7 3.5 16.9-1.6l25.5-31c4.2-5.2 3.4-12.7-1.7-16.9z"
                        fill="currentColor"
                        style={Object {}}
                      />
                    </svg>
                  </span>
                  Home
                </a>
              </li>
            </ul>
          </div>
        </div>
        <div
          style={
            Object {
              "gridRow": 2,
              "overflow": "hidden",
            }
          }
        >
          <div>
            Home
          </div>
        </div>
      </div>
    </div>
  </div>,
  <div
    className="modal is-active"
  >
    <div
      className="modal-background"
    />
    <div
      className="modal-content"
    />
    <button
      aria-label="close"
      className="modal-close is-large"
    />
  </div>,
]
`;

exports[`Layout loading overlay should be there when importing recipes 1`] = `
Array [
  <div
    style={
      Object {
        "display": "grid",
        "gridTemplateRows": "auto 1fr",
        "height": "100vh",
        "width": "100vw",
      }
    }
  >
    <div
      style={
        Object {
          "gridRow": 1,
        }
      }
    >
      <nav
        className="navbar is-primary"
      >
        <div
          className="navbar-brand"
        >
          <a
            className="navbar-item is-active"
            href="#"
            onClick={[Function]}
          >
            <svg
              aria-hidden="true"
              className="svg-inline--fa fa-home fa-w-18 fa-fw "
              data-icon="home"
              data-prefix="fas"
              role="img"
              style={Object {}}
              viewBox="0 0 576 512"
              xmlns="http://www.w3.org/2000/svg"
            >
              <path
                d="M488 312.7V456c0 13.3-10.7 24-24 24H348c-6.6 0-12-5.4-12-12V356c0-6.6-5.4-12-12-12h-72c-6.6 0-12 5.4-12 12v112c0 6.6-5.4 12-12 12H112c-13.3 0-24-10.7-24-24V312.7c0-3.6 1.6-7 4.4-9.3l188-154.8c4.4-3.6 10.8-3.6 15.3 0l188 154.8c2.7 2.3 4.3 5.7 4.3 9.3zm83.6-60.9L488 182.9V44.4c0-6.6-5.4-12-12-12h-56c-6.6 0-12 5.4-12 12V117l-89.5-73.7c-17.7-14.6-43.3-14.6-61 0L4.4 251.8c-5.1 4.2-5.8 11.8-1.6 16.9l25.5 31c4.2 5.1 11.8 5.8 16.9 1.6l235.2-193.7c4.4-3.6 10.8-3.6 15.3 0l235.2 193.7c5.1 4.2 12.7 3.5 16.9-1.6l25.5-31c4.2-5.2 3.4-12.7-1.7-16.9z"
                fill="currentColor"
                style={Object {}}
              />
            </svg>
          </a>
          <a
            className="navbar-item"
            href="#"
            onClick={[Function]}
          >
            Recipes
          </a>
          <a
            className="navbar-item"
            href="#"
            onClick={[Function]}
          >
            Calendar
          </a>
          <a
            className="navbar-item"
            href="#"
            onClick={[Function]}
          >
            Shopping
          </a>
          <a
            className="navbar-item"
            href="#"
            onClick={[Function]}
          >
            Reference
          </a>
          <a
            className="navbar-item"
            href="#"
            onClick={[Function]}
          >
            Tools
          </a>
        </div>
        <div
          className="navbar-menu"
        >
          <div
            className="navbar-end"
          >
            <a
              className="navbar-item"
              href="#"
              onClick={[Function]}
            >
              <svg
                aria-hidden="true"
                className="svg-inline--fa fa-cog fa-w-16 fa-fw "
                data-icon="cog"
                data-prefix="fas"
                role="img"
                style={Object {}}
                viewBox="0 0 512 512"
                xmlns="http://www.w3.org/2000/svg"
              >
                <path
                  d="M444.788 291.1l42.616 24.599c4.867 2.809 7.126 8.618 5.459 13.985-11.07 35.642-29.97 67.842-54.689 94.586a12.016 12.016 0 0 1-14.832 2.254l-42.584-24.595a191.577 191.577 0 0 1-60.759 35.13v49.182a12.01 12.01 0 0 1-9.377 11.718c-34.956 7.85-72.499 8.256-109.219.007-5.49-1.233-9.403-6.096-9.403-11.723v-49.184a191.555 191.555 0 0 1-60.759-35.13l-42.584 24.595a12.016 12.016 0 0 1-14.832-2.254c-24.718-26.744-43.619-58.944-54.689-94.586-1.667-5.366.592-11.175 5.459-13.985L67.212 291.1a193.48 193.48 0 0 1 0-70.199l-42.616-24.599c-4.867-2.809-7.126-8.618-5.459-13.985 11.07-35.642 29.97-67.842 54.689-94.586a12.016 12.016 0 0 1 14.832-2.254l42.584 24.595a191.577 191.577 0 0 1 60.759-35.13V25.759a12.01 12.01 0 0 1 9.377-11.718c34.956-7.85 72.499-8.256 109.219-.007 5.49 1.233 9.403 6.096 9.403 11.723v49.184a191.555 191.555 0 0 1 60.759 35.13l42.584-24.595a12.016 12.016 0 0 1 14.832 2.254c24.718 26.744 43.619 58.944 54.689 94.586 1.667 5.366-.592 11.175-5.459 13.985L444.788 220.9a193.485 193.485 0 0 1 0 70.2zM336 256c0-44.112-35.888-80-80-80s-80 35.888-80 80 35.888 80 80 80 80-35.888 80-80z"
                  fill="currentColor"
                  style={Object {}}
                />
              </svg>
            </a>
          </div>
        </div>
      </nav>
    </div>
    <div
      style={
        Object {
          "gridRow": 2,
          "overflow": "hidden",
        }
      }
    >
      <div
        style={
          Object {
            "display": "grid",
            "gridTemplateRows": "auto 1fr",
            "height": "100%",
          }
        }
      >
        <div
          style={
            Object {
              "gridRow": 1,
            }
          }
        >
          <div
            className="tabs is-centered"
            style={
              Object {
                "marginBottom": "0px",
              }
            }
          >
            <ul>
              <li
                className="is-active"
              >
                <a
                  href="#"
                  onClick={[Function]}
                >
                  <span
                    className="icon is-small"
                  >
                    <svg
                      aria-hidden="true"
                      className="svg-inline--fa fa-home fa-w-18 "
                      data-icon="home"
                      data-prefix="fas"
                      role="img"
                      style={Object {}}
                      viewBox="0 0 576 512"
                      xmlns="http://www.w3.org/2000/svg"
                    >
                      <path
                        d="M488 312.7V456c0 13.3-10.7 24-24 24H348c-6.6 0-12-5.4-12-12V356c0-6.6-5.4-12-12-12h-72c-6.6 0-12 5.4-12 12v112c0 6.6-5.4 12-12 12H112c-13.3 0-24-10.7-24-24V312.7c0-3.6 1.6-7 4.4-9.3l188-154.8c4.4-3.6 10.8-3.6 15.3 0l188 154.8c2.7 2.3 4.3 5.7 4.3 9.3zm83.6-60.9L488 182.9V44.4c0-6.6-5.4-12-12-12h-56c-6.6 0-12 5.4-12 12V117l-89.5-73.7c-17.7-14.6-43.3-14.6-61 0L4.4 251.8c-5.1 4.2-5.8 11.8-1.6 16.9l25.5 31c4.2 5.1 11.8 5.8 16.9 1.6l235.2-193.7c4.4-3.6 10.8-3.6 15.3 0l235.2 193.7c5.1 4.2 12.7 3.5 16.9-1.6l25.5-31c4.2-5.2 3.4-12.7-1.7-16.9z"
                        fill="currentColor"
                        style={Object {}}
                      />
                    </svg>
                  </span>
                  Home
                </a>
              </li>
            </ul>
          </div>
        </div>
        <div
          style={
            Object {
              "gridRow": 2,
              "overflow": "hidden",
            }
          }
        >
          <div>
            Home
          </div>
        </div>
      </div>
    </div>
  </div>,
  <div
    className="modal is-active"
  >
    <div
      className="modal-background"
    />
    <div
      className="modal-content"
    />
    <button
      aria-label="close"
      className="modal-close is-large"
    />
  </div>,
]
`;

exports[`Layout renders the navbar, tabs, and active page 1`] = `
<div
  style={
    Object {
      "display": "grid",
      "gridTemplateRows": "auto 1fr",
      "height": "100vh",
      "width": "100vw",
    }
  }
>
  <div
    style={
      Object {
        "gridRow": 1,
      }
    }
  >
    <nav
      className="navbar is-primary"
    >
      <div
        className="navbar-brand"
      >
        <a
          className="navbar-item is-active"
          href="#"
          onClick={[Function]}
        >
          <svg
            aria-hidden="true"
            className="svg-inline--fa fa-home fa-w-18 fa-fw "
            data-icon="home"
            data-prefix="fas"
            role="img"
            style={Object {}}
            viewBox="0 0 576 512"
            xmlns="http://www.w3.org/2000/svg"
          >
            <path
              d="M488 312.7V456c0 13.3-10.7 24-24 24H348c-6.6 0-12-5.4-12-12V356c0-6.6-5.4-12-12-12h-72c-6.6 0-12 5.4-12 12v112c0 6.6-5.4 12-12 12H112c-13.3 0-24-10.7-24-24V312.7c0-3.6 1.6-7 4.4-9.3l188-154.8c4.4-3.6 10.8-3.6 15.3 0l188 154.8c2.7 2.3 4.3 5.7 4.3 9.3zm83.6-60.9L488 182.9V44.4c0-6.6-5.4-12-12-12h-56c-6.6 0-12 5.4-12 12V117l-89.5-73.7c-17.7-14.6-43.3-14.6-61 0L4.4 251.8c-5.1 4.2-5.8 11.8-1.6 16.9l25.5 31c4.2 5.1 11.8 5.8 16.9 1.6l235.2-193.7c4.4-3.6 10.8-3.6 15.3 0l235.2 193.7c5.1 4.2 12.7 3.5 16.9-1.6l25.5-31c4.2-5.2 3.4-12.7-1.7-16.9z"
              fill="currentColor"
              style={Object {}}
            />
          </svg>
        </a>
        <a
          className="navbar-item"
          href="#"
          onClick={[Function]}
        >
          Recipes
        </a>
        <a
          className="navbar-item"
          href="#"
          onClick={[Function]}
        >
          Calendar
        </a>
        <a
          className="navbar-item"
          href="#"
          onClick={[Function]}
        >
          Shopping
        </a>
        <a
          className="navbar-item"
          href="#"
          onClick={[Function]}
        >
          Reference
        </a>
        <a
          className="navbar-item"
          href="#"
          onClick={[Function]}
        >
          Tools
        </a>
      </div>
      <div
        className="navbar-menu"
      >
        <div
          className="navbar-end"
        >
          <a
            className="navbar-item"
            href="#"
            onClick={[Function]}
          >
            <svg
              aria-hidden="true"
              className="svg-inline--fa fa-cog fa-w-16 fa-fw "
              data-icon="cog"
              data-prefix="fas"
              role="img"
              style={Object {}}
              viewBox="0 0 512 512"
              xmlns="http://www.w3.org/2000/svg"
            >
              <path
                d="M444.788 291.1l42.616 24.599c4.867 2.809 7.126 8.618 5.459 13.985-11.07 35.642-29.97 67.842-54.689 94.586a12.016 12.016 0 0 1-14.832 2.254l-42.584-24.595a191.577 191.577 0 0 1-60.759 35.13v49.182a12.01 12.01 0 0 1-9.377 11.718c-34.956 7.85-72.499 8.256-109.219.007-5.49-1.233-9.403-6.096-9.403-11.723v-49.184a191.555 191.555 0 0 1-60.759-35.13l-42.584 24.595a12.016 12.016 0 0 1-14.832-2.254c-24.718-26.744-43.619-58.944-54.689-94.586-1.667-5.366.592-11.175 5.459-13.985L67.212 291.1a193.48 193.48 0 0 1 0-70.199l-42.616-24.599c-4.867-2.809-7.126-8.618-5.459-13.985 11.07-35.642 29.97-67.842 54.689-94.586a12.016 12.016 0 0 1 14.832-2.254l42.584 24.595a191.577 191.577 0 0 1 60.759-35.13V25.759a12.01 12.01 0 0 1 9.377-11.718c34.956-7.85 72.499-8.256 109.219-.007 5.49 1.233 9.403 6.096 9.403 11.723v49.184a191.555 191.555 0 0 1 60.759 35.13l42.584-24.595a12.016 12.016 0 0 1 14.832 2.254c24.718 26.744 43.619 58.944 54.689 94.586 1.667 5.366-.592 11.175-5.459 13.985L444.788 220.9a193.485 193.485 0 0 1 0 70.2zM336 256c0-44.112-35.888-80-80-80s-80 35.888-80 80 35.888 80 80 80 80-35.888 80-80z"
                fill="currentColor"
                style={Object {}}
              />
            </svg>
          </a>
        </div>
      </div>
    </nav>
  </div>
  <div
    style={
      Object {
        "gridRow": 2,
        "overflow": "hidden",
      }
    }
  >
    <div
      style={
        Object {
          "display": "grid",
          "gridTemplateRows": "auto 1fr",
          "height": "100%",
        }
      }
    >
      <div
        style={
          Object {
            "gridRow": 1,
          }
        }
      >
        <div
          className="tabs is-centered"
          style={
            Object {
              "marginBottom": "0px",
            }
          }
        >
          <ul>
            <li
              className="is-active"
            >
              <a
                href="#"
                onClick={[Function]}
              >
                <span
                  className="icon is-small"
                >
                  <svg
                    aria-hidden="true"
                    className="svg-inline--fa fa-home fa-w-18 "
                    data-icon="home"
                    data-prefix="fas"
                    role="img"
                    style={Object {}}
                    viewBox="0 0 576 512"
                    xmlns="http://www.w3.org/2000/svg"
                  >
                    <path
                      d="M488 312.7V456c0 13.3-10.7 24-24 24H348c-6.6 0-12-5.4-12-12V356c0-6.6-5.4-12-12-12h-72c-6.6 0-12 5.4-12 12v112c0 6.6-5.4 12-12 12H112c-13.3 0-24-10.7-24-24V312.7c0-3.6 1.6-7 4.4-9.3l188-154.8c4.4-3.6 10.8-3.6 15.3 0l188 154.8c2.7 2.3 4.3 5.7 4.3 9.3zm83.6-60.9L488 182.9V44.4c0-6.6-5.4-12-12-12h-56c-6.6 0-12 5.4-12 12V117l-89.5-73.7c-17.7-14.6-43.3-14.6-61 0L4.4 251.8c-5.1 4.2-5.8 11.8-1.6 16.9l25.5 31c4.2 5.1 11.8 5.8 16.9 1.6l235.2-193.7c4.4-3.6 10.8-3.6 15.3 0l235.2 193.7c5.1 4.2 12.7 3.5 16.9-1.6l25.5-31c4.2-5.2 3.4-12.7-1.7-16.9z"
                      fill="currentColor"
                      style={Object {}}
                    />
                  </svg>
                </span>
                Home
              </a>
            </li>
          </ul>
        </div>
      </div>
      <div
        style={
          Object {
            "gridRow": 2,
            "overflow": "hidden",
          }
        }
      >
        <div>
          Home
        </div>
      </div>
    </div>
  </div>
</div>
`;
