// Jest Snapshot v1, https://goo.gl/fbAQLP

exports[`ShoppingTabs should render with the 'grocery_lists' tab active when the 'grocery_lists' page is active 1`] = `
<div
  className="tabs is-centered"
  style={
    Object {
      "marginBottom": "0px",
    }
  }
>
  <ul>
    <li
      className="is-active"
    >
      <a
        href="#"
        onClick={[Function]}
      >
        <span
          className="icon is-small"
        >
          <svg
            aria-hidden="true"
            className="svg-inline--fa fa-shopping-cart fa-w-18 "
            data-icon="shopping-cart"
            data-prefix="fas"
            role="img"
            style={Object {}}
            viewBox="0 0 576 512"
            xmlns="http://www.w3.org/2000/svg"
          >
            <path
              d="M528.12 301.319l47.273-208C578.806 78.301 567.391 64 551.99 64H159.208l-9.166-44.81C147.758 8.021 137.93 0 126.529 0H24C10.745 0 0 10.745 0 24v16c0 13.255 10.745 24 24 24h69.883l70.248 343.435C147.325 417.1 136 435.222 136 456c0 30.928 25.072 56 56 56s56-25.072 56-56c0-15.674-6.447-29.835-16.824-40h209.647C430.447 426.165 424 440.326 424 456c0 30.928 25.072 56 56 56s56-25.072 56-56c0-22.172-12.888-41.332-31.579-50.405l5.517-24.276c3.413-15.018-8.002-29.319-23.403-29.319H218.117l-6.545-32h293.145c11.206 0 20.92-7.754 23.403-18.681z"
              fill="currentColor"
              style={Object {}}
            />
          </svg>
        </span>
        Grocery Lists
      </a>
    </li>
    <li
      className=""
    >
      <a
        href="#"
        onClick={[Function]}
      >
        <span
          className="icon is-small"
        >
          <svg
            aria-hidden="true"
            className="svg-inline--fa fa-box fa-w-16 "
            data-icon="box"
            data-prefix="fas"
            role="img"
            style={Object {}}
            viewBox="0 0 512 512"
            xmlns="http://www.w3.org/2000/svg"
          >
            <path
              d="M509.5 184.6L458.9 32.8C452.4 13.2 434.1 0 413.4 0H272v192h238.7c-.4-2.5-.4-5-1.2-7.4zM240 0H98.6c-20.7 0-39 13.2-45.5 32.8L2.5 184.6c-.8 2.4-.8 4.9-1.2 7.4H240V0zM0 224v240c0 26.5 21.5 48 48 48h416c26.5 0 48-21.5 48-48V224H0z"
              fill="currentColor"
              style={Object {}}
            />
          </svg>
        </span>
        Inventory
      </a>
    </li>
  </ul>
</div>
`;

exports[`ShoppingTabs should render with the 'inventory' tab active when the 'inventory' page is active 1`] = `
<div
  className="tabs is-centered"
  style={
    Object {
      "marginBottom": "0px",
    }
  }
>
  <ul>
    <li
      className=""
    >
      <a
        href="#"
        onClick={[Function]}
      >
        <span
          className="icon is-small"
        >
          <svg
            aria-hidden="true"
            className="svg-inline--fa fa-shopping-cart fa-w-18 "
            data-icon="shopping-cart"
            data-prefix="fas"
            role="img"
            style={Object {}}
            viewBox="0 0 576 512"
            xmlns="http://www.w3.org/2000/svg"
          >
            <path
              d="M528.12 301.319l47.273-208C578.806 78.301 567.391 64 551.99 64H159.208l-9.166-44.81C147.758 8.021 137.93 0 126.529 0H24C10.745 0 0 10.745 0 24v16c0 13.255 10.745 24 24 24h69.883l70.248 343.435C147.325 417.1 136 435.222 136 456c0 30.928 25.072 56 56 56s56-25.072 56-56c0-15.674-6.447-29.835-16.824-40h209.647C430.447 426.165 424 440.326 424 456c0 30.928 25.072 56 56 56s56-25.072 56-56c0-22.172-12.888-41.332-31.579-50.405l5.517-24.276c3.413-15.018-8.002-29.319-23.403-29.319H218.117l-6.545-32h293.145c11.206 0 20.92-7.754 23.403-18.681z"
              fill="currentColor"
              style={Object {}}
            />
          </svg>
        </span>
        Grocery Lists
      </a>
    </li>
    <li
      className="is-active"
    >
      <a
        href="#"
        onClick={[Function]}
      >
        <span
          className="icon is-small"
        >
          <svg
            aria-hidden="true"
            className="svg-inline--fa fa-box fa-w-16 "
            data-icon="box"
            data-prefix="fas"
            role="img"
            style={Object {}}
            viewBox="0 0 512 512"
            xmlns="http://www.w3.org/2000/svg"
          >
            <path
              d="M509.5 184.6L458.9 32.8C452.4 13.2 434.1 0 413.4 0H272v192h238.7c-.4-2.5-.4-5-1.2-7.4zM240 0H98.6c-20.7 0-39 13.2-45.5 32.8L2.5 184.6c-.8 2.4-.8 4.9-1.2 7.4H240V0zM0 224v240c0 26.5 21.5 48 48 48h416c26.5 0 48-21.5 48-48V224H0z"
              fill="currentColor"
              style={Object {}}
            />
          </svg>
        </span>
        Inventory
      </a>
    </li>
  </ul>
</div>
`;
