// Jest Snapshot v1, https://goo.gl/fbAQLP

exports[`FavoritesPage renders the text 'Favorites' 1`] = `
<div>
  Favorites
</div>
`;
