// Jest Snapshot v1, https://goo.gl/fbAQLP

exports[`RecipeBoxPage renders the master/detail view 1`] = `
<div
  style={
    Object {
      "display": "grid",
      "gridTemplateColumns": "20rem 4fr",
      "height": "100%",
    }
  }
>
  <div
    style={
      Object {
        "borderRight": "1px solid #c8cfd0",
        "display": "grid",
        "gridColumn": 1,
        "gridTemplateRows": "auto 1fr",
      }
    }
  >
    <div
      style={
        Object {
          "gridRow": 1,
        }
      }
    >
      <div
        className="field has-addons"
        style={
          Object {
            "marginTop": "-1px",
          }
        }
      >
        <div
          className="control"
        >
          <input
            className="input"
            placeholder="Search recipes"
            style={
              Object {
                "borderRadius": 0,
                "width": "15rem",
              }
            }
            type="text"
          />
        </div>
        <div
          className="control"
        >
          <a
            className="button"
            href="#"
            style={
              Object {
                "borderRadius": 0,
              }
            }
          >
            <svg
              aria-hidden="true"
              className="svg-inline--fa fa-search fa-w-16 "
              data-icon="search"
              data-prefix="fas"
              role="img"
              style={Object {}}
              viewBox="0 0 512 512"
              xmlns="http://www.w3.org/2000/svg"
            >
              <path
                d="M505 442.7L405.3 343c-4.5-4.5-10.6-7-17-7H372c27.6-35.3 44-79.7 44-128C416 93.1 322.9 0 208 0S0 93.1 0 208s93.1 208 208 208c48.3 0 92.7-16.4 128-44v16.3c0 6.4 2.5 12.5 7 17l99.7 99.7c9.4 9.4 24.6 9.4 33.9 0l28.3-28.3c9.4-9.4 9.4-24.6.1-34zM208 336c-70.7 0-128-57.2-128-128 0-70.7 57.2-128 128-128 70.7 0 128 57.2 128 128 0 70.7-57.2 128-128 128z"
                fill="currentColor"
                style={Object {}}
              />
            </svg>
          </a>
        </div>
        <div
          className="control"
        >
          <a
            className="button"
            href="#"
            onClick={[Function]}
            style={
              Object {
                "borderRadius": 0,
              }
            }
          >
            <svg
              aria-hidden="true"
              className="svg-inline--fa fa-plus fa-w-14 "
              data-icon="plus"
              data-prefix="fas"
              role="img"
              style={Object {}}
              viewBox="0 0 448 512"
              xmlns="http://www.w3.org/2000/svg"
            >
              <path
                d="M416 208H272V64c0-17.67-14.33-32-32-32h-32c-17.67 0-32 14.33-32 32v144H32c-17.67 0-32 14.33-32 32v32c0 17.67 14.33 32 32 32h144v144c0 17.67 14.33 32 32 32h32c17.67 0 32-14.33 32-32V304h144c17.67 0 32-14.33 32-32v-32c0-17.67-14.33-32-32-32z"
                fill="currentColor"
                style={Object {}}
              />
            </svg>
          </a>
        </div>
      </div>
    </div>
    <div
      style={
        Object {
          "gridRow": 2,
          "marginRight": "1px",
        }
      }
    >
      <div
        style={
          Object {
            "height": 0,
            "overflow": "visible",
            "width": 0,
          }
        }
      >
        <div
          onKeyDown={[Function]}
        >
          <div
            aria-label="grid"
            aria-readonly={true}
            className="ReactVirtualized__Grid"
            onScroll={[Function]}
            role="grid"
            style={
              Object {
                "WebkitOverflowScrolling": "touch",
                "boxSizing": "border-box",
                "direction": "ltr",
                "height": 0,
                "overflowX": "hidden",
                "overflowY": "hidden",
                "position": "relative",
                "width": 0,
                "willChange": "transform",
              }
            }
            tabIndex={0}
          />
        </div>
      </div>
    </div>
  </div>
  <div
    style={
      Object {
        "gridColumn": 2,
        "overflowY": "auto",
        "padding": "2rem",
      }
    }
  />
</div>
`;
