// Jest Snapshot v1, https://goo.gl/fbAQLP

exports[`StatisticsPage renders a button with the current dieFace 1`] = `
<div>
  <button
    className="button"
    onClick={[Function]}
  >
    5
  </button>
</div>
`;
