// Jest Snapshot v1, https://goo.gl/fbAQLP

exports[`HomePage renders the text 'Home' 1`] = `
<div>
  Home
</div>
`;
