// Jest Snapshot v1, https://goo.gl/fbAQLP

exports[`StatisticsPage renders the text 'Statistics' 1`] = `
<div>
  Statistics
</div>
`;
