// Jest Snapshot v1, https://goo.gl/fbAQLP

exports[`settings Page renders the text 'Settings' 1`] = `
<div>
  Settings
</div>
`;
