// Jest Snapshot v1, https://goo.gl/fbAQLP

exports[`calculator Page renders the text 'Calculator' 1`] = `
<div>
  Calculator
</div>
`;
