// Jest Snapshot v1, https://goo.gl/fbAQLP

exports[`CalendarTabs should render with the 'calendar' tab active when the 'calendar' page is active 1`] = `
<div
  className="tabs is-centered"
  style={
    Object {
      "marginBottom": "0px",
    }
  }
>
  <ul>
    <li
      className="is-active"
    >
      <a
        href="#"
        onClick={[Function]}
      >
        <span
          className="icon is-small"
        >
          <svg
            aria-hidden="true"
            className="svg-inline--fa fa-calendar fa-w-14 "
            data-icon="calendar"
            data-prefix="fas"
            role="img"
            style={Object {}}
            viewBox="0 0 448 512"
            xmlns="http://www.w3.org/2000/svg"
          >
            <path
              d="M12 192h424c6.6 0 12 5.4 12 12v260c0 26.5-21.5 48-48 48H48c-26.5 0-48-21.5-48-48V204c0-6.6 5.4-12 12-12zm436-44v-36c0-26.5-21.5-48-48-48h-48V12c0-6.6-5.4-12-12-12h-40c-6.6 0-12 5.4-12 12v52H160V12c0-6.6-5.4-12-12-12h-40c-6.6 0-12 5.4-12 12v52H48C21.5 64 0 85.5 0 112v36c0 6.6 5.4 12 12 12h424c6.6 0 12-5.4 12-12z"
              fill="currentColor"
              style={Object {}}
            />
          </svg>
        </span>
        Calendar
      </a>
    </li>
  </ul>
</div>
`;
