// Jest Snapshot v1, https://goo.gl/fbAQLP

exports[`LibraryPage renders the text 'Library' 1`] = `
<div>
  Library
</div>
`;
