// Jest Snapshot v1, https://goo.gl/fbAQLP

exports[`AboutPage renders the text 'About' 1`] = `
<div>
  About
</div>
`;
